Archive member included because of file (symbol)

C:/Freescale/CW MCU v11.1/MCU/ARM_GCC_Support/ewl/lib/armv6-m\libc.a(sprintf.o)
                              ./Sources/UT/HC_Test.o (sprintf)
C:/Freescale/CW MCU v11.1/MCU/ARM_GCC_Support/ewl/lib/armv6-m\libc.a(exit.o)
                              ./Project_Settings/Startup_Code/__arm_start.o (exit)
C:/Freescale/CW MCU v11.1/MCU/ARM_GCC_Support/ewl/lib/armv6-m\libc.a(rand.o)
                              ./Sources/main.o (rand)
C:/Freescale/CW MCU v11.1/MCU/ARM_GCC_Support/ewl/lib/armv6-m\libc.a(memset.o)
                              ./Project_Settings/Startup_Code/__arm_start.o (memset)
C:/Freescale/CW MCU v11.1/MCU/ARM_GCC_Support/ewl/lib/armv6-m\libc.a(__filll_mem.o)
                              C:/Freescale/CW MCU v11.1/MCU/ARM_GCC_Support/ewl/lib/armv6-m\libc.a(memset.o) (__fill_mem)
C:/Freescale/CW MCU v11.1/MCU/ARM_GCC_Support/ewl/lib/armv6-m\libc.a(strlen.o)
                              ./Sources/Drivers/UART/UART.o (strlen)
C:/Freescale/CW MCU v11.1/MCU/ARM_GCC_Support/ewl/lib/armv6-m\libc.a(printformat_.o)
                              (__pformatter_)
C:/Freescale/CW MCU v11.1/MCU/ARM_GCC_Support/ewl/lib/armv6-m\libc.a(scanformat_.o)
                              (__sformatter)
C:/Freescale/CW MCU v11.1/MCU/ARM_GCC_Support/ewl/lib/armv6-m\libc.a(ctype_aeabi.o)
                              C:/Freescale/CW MCU v11.1/MCU/ARM_GCC_Support/ewl/lib/armv6-m\libc.a(scanformat_.o) (isspace)
C:/Freescale/CW MCU v11.1/MCU/ARM_GCC_Support/ewl/lib/armv6-m\libc.a(vsnprintf.o)
                              C:/Freescale/CW MCU v11.1/MCU/ARM_GCC_Support/ewl/lib/armv6-m\libc.a(sprintf.o) (vsnprintf)
C:/Freescale/CW MCU v11.1/MCU/ARM_GCC_Support/ewl/lib/armv6-m\libc.a(__strtoul.o)
                              C:/Freescale/CW MCU v11.1/MCU/ARM_GCC_Support/ewl/lib/armv6-m\libc.a(scanformat_.o) (__strtoul)
C:/Freescale/CW MCU v11.1/MCU/ARM_GCC_Support/ewl/lib/armv6-m\libc.a(strchr.o)
                              C:/Freescale/CW MCU v11.1/MCU/ARM_GCC_Support/ewl/lib/armv6-m\libc.a(printformat_.o) (strchr)
C:/Freescale/CW MCU v11.1/MCU/ARM_GCC_Support/ewl/lib/armv6-m\libc.a(memcpy.o)
                              C:/Freescale/CW MCU v11.1/MCU/ARM_GCC_Support/ewl/lib/armv6-m\libc.a(scanformat_.o) (memcpy)
C:/Freescale/CW MCU v11.1/MCU/ARM_GCC_Support/ewl/lib/armv6-m\libc.a(memchr.o)
                              C:/Freescale/CW MCU v11.1/MCU/ARM_GCC_Support/ewl/lib/armv6-m\libc.a(printformat_.o) (memchr)
C:/Freescale/CW MCU v11.1/MCU/ARM_GCC_Support/ewl/lib/armv6-m\libm.a(w_pow.o)
                              ./Sources/main.o (pow)
C:/Freescale/CW MCU v11.1/MCU/ARM_GCC_Support/ewl/lib/armv6-m\libm.a(e_pow.o)
                              C:/Freescale/CW MCU v11.1/MCU/ARM_GCC_Support/ewl/lib/armv6-m\libm.a(w_pow.o) (__ieee754_pow)
C:/Freescale/CW MCU v11.1/MCU/ARM_GCC_Support/ewl/lib/armv6-m\libm.a(scalbn.o)
                              C:/Freescale/CW MCU v11.1/MCU/ARM_GCC_Support/ewl/lib/armv6-m\libm.a(e_pow.o) (scalbn)
C:/Freescale/CW MCU v11.1/MCU/ARM_GCC_Support/ewl/lib/armv6-m\libm.a(w_sqrt.o)
                              ./Sources/main.o (sqrt)
C:/Freescale/CW MCU v11.1/MCU/ARM_GCC_Support/ewl/lib/armv6-m\libm.a(math_api.o)
                              C:/Freescale/CW MCU v11.1/MCU/ARM_GCC_Support/ewl/lib/armv6-m\libm.a(e_pow.o) (__fpclassifyd)
C:/Freescale/CW MCU v11.1/MCU/ARM_GCC_Support/ewl/lib/armv6-m\libm.a(float.o)
                              C:/Freescale/CW MCU v11.1/MCU/ARM_GCC_Support/ewl/lib/armv6-m\libm.a(e_pow.o) (__double_nan)
C:/Freescale/CW MCU v11.1/MCU/ARM_GCC_Support/ewl/lib/armv6-m\libm.a(s_frexp.o)
                              C:/Freescale/CW MCU v11.1/MCU/ARM_GCC_Support/ewl/lib/armv6-m\libm.a(scalbn.o) (frexp)
C:/Freescale/CW MCU v11.1/MCU/ARM_GCC_Support/ewl/lib/armv6-m\libm.a(s_ldexp.o)
                              C:/Freescale/CW MCU v11.1/MCU/ARM_GCC_Support/ewl/lib/armv6-m\libm.a(scalbn.o) (ldexp)
C:/Freescale/CW MCU v11.1/MCU/ARM_GCC_Support/ewl/lib/armv6-m\libm.a(e_sqrt.o)
                              C:/Freescale/CW MCU v11.1/MCU/ARM_GCC_Support/ewl/lib/armv6-m\libm.a(w_sqrt.o) (__ieee754_sqrt)
c:/freescale/cw mcu v11.1/cross_tools/arm-none-eabi-gcc-4_7_3/bin/../lib/gcc/arm-none-eabi/4.7.3/armv6-m\libgcc.a(_thumb1_case_sqi.o)
                              C:/Freescale/CW MCU v11.1/MCU/ARM_GCC_Support/ewl/lib/armv6-m\libc.a(__strtoul.o) (__gnu_thumb1_case_sqi)
c:/freescale/cw mcu v11.1/cross_tools/arm-none-eabi-gcc-4_7_3/bin/../lib/gcc/arm-none-eabi/4.7.3/armv6-m\libgcc.a(_thumb1_case_uqi.o)
                              C:/Freescale/CW MCU v11.1/MCU/ARM_GCC_Support/ewl/lib/armv6-m\libc.a(scanformat_.o) (__gnu_thumb1_case_uqi)
c:/freescale/cw mcu v11.1/cross_tools/arm-none-eabi-gcc-4_7_3/bin/../lib/gcc/arm-none-eabi/4.7.3/armv6-m\libgcc.a(_udivsi3.o)
                              C:/Freescale/CW MCU v11.1/MCU/ARM_GCC_Support/ewl/lib/armv6-m\libc.a(printformat_.o) (__aeabi_uidiv)
[...]
Memory Configuration

Name             Origin             Length             Attributes
m_interrupts     0x00000000         0x000000c0         xr
m_cfmprotrom     0x00000400         0x00000010         xr
m_text           0x00000800         0x0001f800         xr
m_data           0x1ffff000         0x00004000         xrw
*default*        0x00000000         0xffffffff

Linker script and memory map

LOAD ./Project_Settings/Startup_Code/kinetis_sysinit.o
LOAD ./Project_Settings/Startup_Code/__arm_start.o
LOAD ./Project_Settings/Startup_Code/__arm_end.o
LOAD ./Sources/Drivers/ADC/ADC_P.o
LOAD ./Sources/Drivers/ADC/ADC_I.o
LOAD ./Sources/Drivers/HC/HC.o
LOAD ./Sources/Drivers/LED/LED_46.o
LOAD ./Sources/Drivers/LED/LED_25.o
LOAD ./Sources/Drivers/PWM/PWM.o
LOAD ./Sources/Drivers/TPM0/TPM0.o
LOAD ./Sources/Drivers/UART/UART.o
LOAD ./Sources/UT/PWM_Test.o
LOAD ./Sources/UT/IR_Test.o
LOAD ./Sources/UT/HC_Test.o
LOAD ./Sources/sa_mtb.o
LOAD ./Sources/main.o
LOAD ./Sources/common.o
                0x00001c7c                __pformatter = __pformatter_
                [0x000020a4]                __sformatter = __sformatter
START GROUP
LOAD C:/Freescale/CW MCU v11.1/MCU/ARM_GCC_Support/ewl/lib/armv6-m\libc.a
LOAD C:/Freescale/CW MCU v11.1/MCU/ARM_GCC_Support/ewl/lib/armv6-m\libm.a
LOAD c:/freescale/cw mcu v11.1/cross_tools/arm-none-eabi-gcc-4_7_3/bin/../lib/gcc/arm-none-eabi/4.7.3/armv6-m\libgcc.a
LOAD C:/Freescale/CW MCU v11.1/MCU/ARM_GCC_Support/ewl/lib/armv6-m\librt.a
LOAD C:/Freescale/CW MCU v11.1/MCU/ARM_GCC_Support/ewl/lib/armv6-m\libuart.a
END GROUP
                0x20003000                _estack = 0x20003000
                0x20003000                __SP_INIT = _estack
                0x00000400                __heap_size = 0x400
                0x00000400                __stack_size = 0x400

.interrupts     0x00000000       0xc0
                0x00000000                __vector_table = .
                0x00000000                . = ALIGN (0x4)
 *(.vectortable)
 .vectortable   0x00000000       0xc0 ./Project_Settings/Startup_Code/kinetis_sysinit.o
                0x00000000                InterruptVector
                0x000000c0                . = ALIGN (0x4)

.cfmprotect     0x00000400        0x0
                0x00000400                . = ALIGN (0x4)
 *(.cfmconfig)
                0x00000400                . = ALIGN (0x4)

.text           0x00000800     0x26d4
                0x00000800                . = ALIGN (0x4)
 *(.text)
 .text          0x00000800       0x14 c:/freescale/cw mcu v11.1/cross_tools/arm-none-eabi-gcc-4_7_3/bin/../lib/gcc/arm-none-eabi/4.7.3/armv6-m\libgcc.a(_thumb1_case_sqi.o)
                0x00000800                __gnu_thumb1_case_sqi
 .text          0x00000814       0x14 c:/freescale/cw mcu v11.1/cross_tools/arm-none-eabi-gcc-4_7_3/bin/../lib/gcc/arm-none-eabi/4.7.3/armv6-m\libgcc.a(_thumb1_case_uqi.o)
                0x00000814                __gnu_thumb1_case_uqi
 .text          0x00000828       0x9c c:/freescale/cw mcu v11.1/cross_tools/arm-none-eabi-gcc-4_7_3/bin/../lib/gcc/arm-none-eabi/4.7.3/armv6-m\libgcc.a(_udivsi3.o)
                0x00000828                __aeabi_uidiv
                0x00000828                __udivsi3
                0x000008b0                __aeabi_uidivmod
 .text          0x000008c4       0xc0 c:/freescale/cw mcu v11.1/cross_tools/arm-none-eabi-gcc-4_7_3/bin/../lib/gcc/arm-none-eabi/4.7.3/armv6-m\libgcc.a(_divsi3.o)
                0x000008c4                __divsi3
                0x000008c4                __aeabi_idiv
                0x00000970                __aeabi_idivmod
 .text          0x00000984        0x4 c:/freescale/cw mcu v11.1/cross_tools/arm-none-eabi-gcc-4_7_3/bin/../lib/gcc/arm-none-eabi/4.7.3/armv6-m\libgcc.a(_dvmd_tls.o)
                0x00000984                __aeabi_idiv0
                0x00000984                __aeabi_ldiv0
 *(.text*)
 .text.Default_Handler
                0x00000988        0xc ./Project_Settings/Startup_Code/kinetis_sysinit.o
                0x00000988                RTC_Alarm_IRQHandler
                0x00000988                I2C0_IRQHandler
                0x00000988                HardFault_Handler
                0x00000988                SysTick_Handler
                0x00000988                PendSV_Handler
                0x00000988                NMI_Handler
                0x00000988                I2C1_IRQHandler
                0x00000988                UART1_IRQHandler
                0x00000988                DMA2_IRQHandler
                0x00000988                TSI0_IRQHandler
                0x00000988                UART0_IRQHandler
                0x00000988                SPI1_IRQHandler
                0x00000988                PORTD_IRQHandler
                0x00000988                LPTimer_IRQHandler
                0x00000988                FTM1_IRQHandler
                0x00000988                RTC_Seconds_IRQHandler
                0x00000988                MCG_IRQHandler
                0x00000988                UART2_IRQHandler
                0x00000988                Default_Handler
                0x00000988                LLW_IRQHandler
                0x00000988                PIT_IRQHandler
                0x00000988                SVC_Handler
                0x00000988                USBOTG_IRQHandler
                0x00000988                DMA3_IRQHandler
                0x00000988                DMA0_IRQHandler
                0x00000988                DAC0_IRQHandler
                0x00000988                PMC_IRQHandler
                0x00000988                SPI0_IRQHandler
                0x00000988                PORTA_IRQHandler
                0x00000988                MCM_IRQHandler
                0x00000988                FTFL_IRQHandler
                0x00000988                FTM2_IRQHandler
                0x00000988                CMP0_IRQHandler
                0x00000988                DMA1_IRQHandler
 .text.__init_hardware
                0x00000994       0x2c ./Project_Settings/Startup_Code/kinetis_sysinit.o
                0x00000994                __init_hardware
 .text.zero_fill_bss
                0x000009c0       0x24 ./Project_Settings/Startup_Code/__arm_start.o
 .text.__thumb_startup
                0x000009e4       0x30 ./Project_Settings/Startup_Code/__arm_start.o
                0x000009e4                __thumb_startup
 .text._ExitProcess
                0x00000a14        0xc ./Project_Settings/Startup_Code/__arm_end.o
                0x00000a14                _ExitProcess
 .text.ADC0_init_p
                0x00000a20       0x78 ./Sources/Drivers/ADC/ADC_P.o
                0x00000a20                ADC0_init_p
 .text.ADC0_read_p
                0x00000a98       0x44 ./Sources/Drivers/ADC/ADC_P.o
                0x00000a98                ADC0_read_p
 .text.ADC0_IRQHandler
                0x00000adc       0x88 ./Sources/Drivers/ADC/ADC_I.o
                0x00000adc                ADC0_IRQHandler
 .text.ADC0_init_i
                0x00000b64       0xbc ./Sources/Drivers/ADC/ADC_I.o
                0x00000b64                ADC0_init_i
 .text.ADC0_read_i
                0x00000c20       0x40 ./Sources/Drivers/ADC/ADC_I.o
                0x00000c20                ADC0_read_i
 .text.ADC0_compare_i
                0x00000c60       0x7c ./Sources/Drivers/ADC/ADC_I.o
                0x00000c60                ADC0_compare_i
 .text.HC_init  0x00000cdc       0xd0 ./Sources/Drivers/HC/HC.o
                0x00000cdc                HC_init
 .text.FTM0_IRQHandler
                0x00000dac       0xfc ./Sources/Drivers/HC/HC.o
                0x00000dac                FTM0_IRQHandler
 .text.RLED_init
                0x00000ea8        0x8 ./Sources/Drivers/LED/LED_25.o
                0x00000ea8                RLED_init
 .text.GLED_init
                0x00000eb0        0x8 ./Sources/Drivers/LED/LED_25.o
                0x00000eb0                GLED_init
 .text.BLED_init
                0x00000eb8       0x3c ./Sources/Drivers/LED/LED_25.o
                0x00000eb8                BLED_init
 .text.RLED_toggle
                0x00000ef4        0x8 ./Sources/Drivers/LED/LED_25.o
                0x00000ef4                RLED_toggle
 .text.GLED_toggle
                0x00000efc        0x8 ./Sources/Drivers/LED/LED_25.o
                0x00000efc                GLED_toggle
 .text.GLED_off
                0x00000f04        0x8 ./Sources/Drivers/LED/LED_25.o
                0x00000f04                GLED_off
 .text.BLED_off
                0x00000f0c       0x18 ./Sources/Drivers/LED/LED_25.o
                0x00000f0c                BLED_off
 .text.BLED_on  0x00000f24       0x18 ./Sources/Drivers/LED/LED_25.o
                0x00000f24                BLED_on
 .text.PWM_init
                0x00000f3c      0x118 ./Sources/Drivers/PWM/PWM.o
                0x00000f3c                PWM_init
 .text.PWM_duty
                0x00001054       0x84 ./Sources/Drivers/PWM/PWM.o
                0x00001054                PWM_duty
 .text.TPM0_init
                0x000010d8       0x8c ./Sources/Drivers/TPM0/TPM0.o
                0x000010d8                TPM0_init
 .text.UART0_init
                0x00001164       0x8c ./Sources/Drivers/UART/UART.o
                0x00001164                UART0_init
 .text.UART0_send_ln
                0x000011f0       0x38 ./Sources/Drivers/UART/UART.o
                0x000011f0                UART0_send_ln
 .text.UART0_send_string_ln
                0x00001228       0x4c ./Sources/Drivers/UART/UART.o
                0x00001228                UART0_send_string_ln
 .text.UART0_send_string
                0x00001274       0x48 ./Sources/Drivers/UART/UART.o
                0x00001274                UART0_send_string
 .text.UART0_send_char
                0x000012bc       0x30 ./Sources/Drivers/UART/UART.o
                0x000012bc                UART0_send_char
 .text.reverse  0x000012ec       0x64 ./Sources/Drivers/UART/UART.o
                0x000012ec                reverse
 .text.itoa     0x00001350       0x80 ./Sources/Drivers/UART/UART.o
                0x00001350                itoa
 .text.PWM_test
                0x000013d0       0xd4 ./Sources/UT/PWM_Test.o
                0x000013d0                PWM_test
 .text.IR_test  0x000014a4      0x2a4 ./Sources/UT/IR_Test.o
                0x000014a4                IR_test
 .text.HC_test  0x00001748      0x17c ./Sources/UT/HC_Test.o
                0x00001748                HC_test
 .text.Test     0x000018c4       0xc0 ./Sources/main.o
                0x000018c4                Test
 .text.main     0x00001984       0x30 ./Sources/main.o
                0x00001984                main
 .text.delayMs  0x000019b4       0x3c ./Sources/common.o
                0x000019b4                delayMs
 .text.sprintf  0x000019f0       0x1a C:/Freescale/CW MCU v11.1/MCU/ARM_GCC_Support/ewl/lib/armv6-m\libc.a(sprintf.o)
                0x000019f0                sprintf
 *fill*         0x00001a0a        0x2 00
 .text.exit     0x00001a0c       0x38 C:/Freescale/CW MCU v11.1/MCU/ARM_GCC_Support/ewl/lib/armv6-m\libc.a(exit.o)
                0x00001a0c                exit
 .text.memset   0x00001a44        0xc C:/Freescale/CW MCU v11.1/MCU/ARM_GCC_Support/ewl/lib/armv6-m\libc.a(memset.o)
                0x00001a44                memset
 .text.__fill_mem
                0x00001a50       0x7e C:/Freescale/CW MCU v11.1/MCU/ARM_GCC_Support/ewl/lib/armv6-m\libc.a(__filll_mem.o)
                0x00001a50                __fill_mem
 .text.strlen   0x00001ace       0x10 C:/Freescale/CW MCU v11.1/MCU/ARM_GCC_Support/ewl/lib/armv6-m\libc.a(strlen.o)
                0x00001ace                strlen
 *fill*         0x00001ade        0x2 00
 .text.long2str.isra.0
                0x00001ae0      0x19c C:/Freescale/CW MCU v11.1/MCU/ARM_GCC_Support/ewl/lib/armv6-m\libc.a(printformat_.o)
 .text.__pformatter_
                0x00001c7c      0x428 C:/Freescale/CW MCU v11.1/MCU/ARM_GCC_Support/ewl/lib/armv6-m\libc.a(printformat_.o)
                0x00001c7c                __pformatter_
 .text.__sformatter
                0x000020a4      0x698 C:/Freescale/CW MCU v11.1/MCU/ARM_GCC_Support/ewl/lib/armv6-m\libc.a(scanformat_.o)
                0x000020a4                __sformatter
 .text.isalpha  0x0000273c       0x20 C:/Freescale/CW MCU v11.1/MCU/ARM_GCC_Support/ewl/lib/armv6-m\libc.a(ctype_aeabi.o)
                0x0000273c                isalpha
 .text.isspace  0x0000275c       0x20 C:/Freescale/CW MCU v11.1/MCU/ARM_GCC_Support/ewl/lib/armv6-m\libc.a(ctype_aeabi.o)
                0x0000275c                isspace
 .text.toupper  0x0000277c        0xe C:/Freescale/CW MCU v11.1/MCU/ARM_GCC_Support/ewl/lib/armv6-m\libc.a(ctype_aeabi.o)
                0x0000277c                toupper
 .text.__StringWrite
                0x0000278a       0x26 C:/Freescale/CW MCU v11.1/MCU/ARM_GCC_Support/ewl/lib/armv6-m\libc.a(vsnprintf.o)
                0x0000278a                __StringWrite
 .text.vsnprintf
                0x000027b0       0x38 C:/Freescale/CW MCU v11.1/MCU/ARM_GCC_Support/ewl/lib/armv6-m\libc.a(vsnprintf.o)
                0x000027b0                vsnprintf
 .text.__strtoul
                0x000027e8      0x1ce C:/Freescale/CW MCU v11.1/MCU/ARM_GCC_Support/ewl/lib/armv6-m\libc.a(__strtoul.o)
                0x000027e8                __strtoul
 .text.strchr   0x000029b6       0x1e C:/Freescale/CW MCU v11.1/MCU/ARM_GCC_Support/ewl/lib/armv6-m\libc.a(strchr.o)
                0x000029b6                strchr
 .text.memcpy   0x000029d4       0x12 C:/Freescale/CW MCU v11.1/MCU/ARM_GCC_Support/ewl/lib/armv6-m\libc.a(memcpy.o)
                0x000029d4                memcpy
 .text.memchr   0x000029e6       0x1a C:/Freescale/CW MCU v11.1/MCU/ARM_GCC_Support/ewl/lib/armv6-m\libc.a(memchr.o)
                0x000029e6                memchr
 .text.__init_cpp
                0x00002a00       0x48 C:/Freescale/CW MCU v11.1/MCU/ARM_GCC_Support/ewl/lib/armv6-m\librt.a(gcc_ctor_dtor.o)
                0x00002a00                __init_cpp
 .text.__fini_cpp
                0x00002a48       0x34 C:/Freescale/CW MCU v11.1/MCU/ARM_GCC_Support/ewl/lib/armv6-m\librt.a(gcc_ctor_dtor.o)
                0x00002a48                __fini_cpp
 .text.__destroy_global_chain
                0x00002a7c       0x1c C:/Freescale/CW MCU v11.1/MCU/ARM_GCC_Support/ewl/lib/armv6-m\librt.a(__arm_eabi_init.o)
                0x00002a7c                __destroy_global_chain
 .text.__init_registers
                0x00002a98       0x1c C:/Freescale/CW MCU v11.1/MCU/ARM_GCC_Support/ewl/lib/armv6-m\librt.a(__arm_eabi_init.o)
                0x00002a98                __init_registers
 .text.__init_user
                0x00002ab4        0x4 C:/Freescale/CW MCU v11.1/MCU/ARM_GCC_Support/ewl/lib/armv6-m\librt.a(__arm_eabi_init.o)
                0x00002ab4                __init_user
 .text.__copy_rom_section
                0x00002ab8       0x48 C:/Freescale/CW MCU v11.1/MCU/ARM_GCC_Support/ewl/lib/armv6-m\librt.a(ROMCopy.o)
                0x00002ab8                __copy_rom_section
 .text.__copy_rom_sections_to_ram
                0x00002b00       0x34 C:/Freescale/CW MCU v11.1/MCU/ARM_GCC_Support/ewl/lib/armv6-m\librt.a(ROMCopy.o)
                0x00002b00                __copy_rom_sections_to_ram
 *(.rodata)
 .rodata        0x00002b34       0x88 ./Sources/UT/PWM_Test.o
 .rodata        0x00002bbc       0xb8 ./Sources/UT/IR_Test.o
 .rodata        0x00002c74       0x7c ./Sources/UT/HC_Test.o
 .rodata        0x00002cf0       0x78 ./Sources/main.o
 *(.rodata*)
 .rodata.PWM_test
                0x00002d68       0x60 ./Sources/UT/PWM_Test.o
 .rodata.str1.1
                0x00002dc8        0x1 C:/Freescale/CW MCU v11.1/MCU/ARM_GCC_Support/ewl/lib/armv6-m\libc.a(printformat_.o)
 .rodata.CSWTCH.20
                0x00002dc9        0x5 C:/Freescale/CW MCU v11.1/MCU/ARM_GCC_Support/ewl/lib/armv6-m\libc.a(printformat_.o)
 .rodata.CSWTCH.21
                0x00002dce        0x5 C:/Freescale/CW MCU v11.1/MCU/ARM_GCC_Support/ewl/lib/armv6-m\libc.a(printformat_.o)
 .rodata.__aeabi_ctype_table_C
                0x00002dd3      0x101 C:/Freescale/CW MCU v11.1/MCU/ARM_GCC_Support/ewl/lib/armv6-m\libc.a(ctype_aeabi.o)
                0x00002dd3                __aeabi_ctype_table_C
 *(.glue_7)
 .glue_7        0x00000000        0x0 linker stubs
 *(.glue_7t)
 .glue_7t       0x00000000        0x0 linker stubs
 *(.eh_frame)
 *(.init)
 *(.fini)
                0x00002ed4                . = ALIGN (0x4)
                0x00002ed4                _etext = .

.vfp11_veneer   0x00002ed4        0x0
 .vfp11_veneer  0x00000000        0x0 linker stubs

.v4_bx          0x00002ed4        0x0
 .v4_bx         0x00000000        0x0 linker stubs

.iplt           0x00002ed4        0x0
 .iplt          0x00000000        0x0 ./Project_Settings/Startup_Code/kinetis_sysinit.o

.rel.dyn        0x00002ed4        0x0
 .rel.iplt      0x00000000        0x0 ./Project_Settings/Startup_Code/kinetis_sysinit.o

.ARM.extab
 *(.ARM.extab* .gnu.linkonce.armextab.*)

.ARM            0x00002ed4        0x0
                0x00002ed4                __exidx_start = .
 *(.ARM.exidx*)
                0x00002ed4                __exidx_end = .

.ctors          0x00002ed4        0x0
                0x00002ed4                __CTOR_LIST__ = .
 *crtbegin.o(.ctors)
 *(EXCLUDE_FILE(*crtend.o) .ctors)
 *(SORT(.ctors.*))
 *(.ctors)
                0x00002ed4                __CTOR_END__ = .

.dtors          0x00002ed4        0x0
                0x00002ed4                __DTOR_LIST__ = .
 *crtbegin.o(.dtors)
 *(EXCLUDE_FILE(*crtend.o) .dtors)
 *(SORT(.dtors.*))
 *(.dtors)
                0x00002ed4                __DTOR_END__ = .

.preinit_array  0x00002ed4        0x0
                0x00002ed4                PROVIDE (__preinit_array_start, .)
 *(.preinit_array*)
                0x00002ed4                PROVIDE (__preinit_array_end, .)

.init_array     0x00002ed4        0x0
                0x00002ed4                PROVIDE (__init_array_start, .)
 *(SORT(.init_array.*))
 *(.init_array*)
                0x00002ed4                PROVIDE (__init_array_end, .)

.fini_array     0x00002ed4        0x0
                0x00002ed4                PROVIDE (__fini_array_start, .)
 *(SORT(.fini_array.*))
 *(.fini_array*)
                0x00002ed4                PROVIDE (__fini_array_end, .)
                0x00002ed4                ___ROM_AT = .

.mtb            0x1ffff000        0x0
                0x1ffff000                . = ALIGN (0x8)
                0x1ffff000                _mtb_start = .
 *(.mtb_buf)
                0x1ffff000                . = ALIGN (0x8)
                0x1ffff000                _mtb_end = .

.data           0x1ffff000        0x0 load address 0x00002ed4
                0x1ffff000                . = ALIGN (0x4)
                0x1ffff000                _sdata = .
 *(.data)
 *(.data*)
                0x1ffff000                . = ALIGN (0x4)
                0x1ffff000                _edata = .
                0x00000000                ___data_size = (_edata - _sdata)

.igot.plt       0x1ffff000        0x0
 .igot.plt      0x00000000        0x0 ./Project_Settings/Startup_Code/kinetis_sysinit.o
                0x1ffff000                . = ALIGN (0x4)

.bss            0x1ffff000       0x50
                0x1ffff000                __START_BSS = .
                0x1ffff000                PROVIDE (__bss_start__, __START_BSS)
 *(.bss)
 *(.bss*)
 .bss.argv      0x1ffff000        0x4 ./Project_Settings/Startup_Code/__arm_start.o
 .bss.then_PTA5
                0x1ffff004        0x4 ./Sources/Drivers/HC/HC.o
                0x1ffff004                then_PTA5
 .bss.then_PTC8
                0x1ffff008        0x4 ./Sources/Drivers/HC/HC.o
                0x1ffff008                then_PTC8
 .bss.then_PTC9
                0x1ffff00c        0x4 ./Sources/Drivers/HC/HC.o
                0x1ffff00c                then_PTC9
 .bss.now_PTA5  0x1ffff010        0x4 ./Sources/Drivers/HC/HC.o
                0x1ffff010                now_PTA5
 .bss.now_PTC8  0x1ffff014        0x4 ./Sources/Drivers/HC/HC.o
                0x1ffff014                now_PTC8
 .bss.now_PTC9  0x1ffff018        0x4 ./Sources/Drivers/HC/HC.o
                0x1ffff018                now_PTC9
 .bss.cm_PTA5   0x1ffff01c        0x4 ./Sources/Drivers/HC/HC.o
                0x1ffff01c                cm_PTA5
 .bss.cm_PTC8   0x1ffff020        0x4 ./Sources/Drivers/HC/HC.o
                0x1ffff020                cm_PTC8
 .bss.cm_PTC9   0x1ffff024        0x4 ./Sources/Drivers/HC/HC.o
                0x1ffff024                cm_PTC9
 .bss.__stdio_exit
                0x1ffff028        0x4 C:/Freescale/CW MCU v11.1/MCU/ARM_GCC_Support/ewl/lib/armv6-m\libc.a(exit.o)
                0x1ffff028                __stdio_exit
 .bss.__console_exit
                0x1ffff02c        0x4 C:/Freescale/CW MCU v11.1/MCU/ARM_GCC_Support/ewl/lib/armv6-m\libc.a(exit.o)
                0x1ffff02c                __console_exit
 .bss.__global_destructor_chain
                0x1ffff030        0x4 C:/Freescale/CW MCU v11.1/MCU/ARM_GCC_Support/ewl/lib/armv6-m\librt.a(__arm_eabi_init.o)
                0x1ffff030                __global_destructor_chain
 .bss.__S_romp  0x1ffff034        0xc C:/Freescale/CW MCU v11.1/MCU/ARM_GCC_Support/ewl/lib/armv6-m\librt.a(ROMCopy.o)
 *(COMMON)
 COMMON         0x1ffff040       0x10 ./Sources/Drivers/ADC/ADC_I.o
                0x1ffff040                IR_Data
                0x1ffff04a                reading
                0x1ffff04c                compare
                0x1ffff04e                res
                0x1ffff050                . = ALIGN (0x4)
                0x1ffff050                __END_BSS = .
                0x1ffff050                PROVIDE (__bss_end__, __END_BSS)
                0x00002ed4                _romp_at = (___ROM_AT + SIZEOF (.data))

.romp           0x1ffff050       0x18 load address 0x00002ed4
                0x00002ed4                __S_romp = _romp_at
                0x1ffff050        0x4 LONG 0x2ed4 ___ROM_AT
                0x1ffff054        0x4 LONG 0x1ffff000 _sdata
                0x1ffff058        0x4 LONG 0x0 ___data_size
                0x1ffff05c        0x4 LONG 0x0
                0x1ffff060        0x4 LONG 0x0
                0x1ffff064        0x4 LONG 0x0

._user_heap_stack
                0x1ffff068      0x800 load address 0x00002eec
                0x1ffff068                . = ALIGN (0x4)
                0x1ffff068                PROVIDE (end, .)
                0x1ffff068                PROVIDE (_end, .)
                0x1ffff068                __heap_addr = .
                0x1ffff468                . = (. + __heap_size)
 *fill*         0x1ffff068      0x400 00
                0x1ffff868                . = (. + __stack_size)
 *fill*         0x1ffff468      0x400 00
                0x1ffff868                . = ALIGN (0x4)

.ARM.attributes
                0x00000000       0x31
 *(.ARM.attributes)
 .ARM.attributes
                0x00000000       0x31 ./Project_Settings/Startup_Code/kinetis_sysinit.o
 .ARM.attributes
                0x00000031       0x31 ./Project_Settings/Startup_Code/__arm_start.o
 .ARM.attributes
                0x00000062       0x31 ./Project_Settings/Startup_Code/__arm_end.o
 .ARM.attributes
                0x00000093       0x31 ./Sources/Drivers/ADC/ADC_P.o
 .ARM.attributes
                0x000000c4       0x31 ./Sources/Drivers/ADC/ADC_I.o
 .ARM.attributes
                0x000000f5       0x31 ./Sources/Drivers/HC/HC.o
 .ARM.attributes
                0x00000126       0x31 ./Sources/Drivers/LED/LED_25.o
 .ARM.attributes
                0x00000157       0x31 ./Sources/Drivers/PWM/PWM.o
 .ARM.attributes
                0x00000188       0x31 ./Sources/Drivers/TPM0/TPM0.o
 .ARM.attributes
                0x000001b9       0x31 ./Sources/Drivers/UART/UART.o
 .ARM.attributes
                0x000001ea       0x31 ./Sources/UT/PWM_Test.o
 .ARM.attributes
                0x0000021b       0x31 ./Sources/UT/IR_Test.o
 .ARM.attributes
                0x0000024c       0x31 ./Sources/UT/HC_Test.o
 .ARM.attributes
                0x0000027d       0x31 ./Sources/main.o
 .ARM.attributes
                0x000002ae       0x31 ./Sources/common.o
 .ARM.attributes
                0x000002df       0x31 C:/Freescale/CW MCU v11.1/MCU/ARM_GCC_Support/ewl/lib/armv6-m\libc.a(sprintf.o)
 .ARM.attributes
                0x00000310       0x31 C:/Freescale/CW MCU v11.1/MCU/ARM_GCC_Support/ewl/lib/armv6-m\libc.a(exit.o)
 .ARM.attributes
                0x00000341       0x31 C:/Freescale/CW MCU v11.1/MCU/ARM_GCC_Support/ewl/lib/armv6-m\libc.a(memset.o)
 .ARM.attributes
                0x00000372       0x31 C:/Freescale/CW MCU v11.1/MCU/ARM_GCC_Support/ewl/lib/armv6-m\libc.a(__filll_mem.o)
 .ARM.attributes
                0x000003a3       0x31 C:/Freescale/CW MCU v11.1/MCU/ARM_GCC_Support/ewl/lib/armv6-m\libc.a(strlen.o)
 .ARM.attributes
                0x000003d4       0x31 C:/Freescale/CW MCU v11.1/MCU/ARM_GCC_Support/ewl/lib/armv6-m\libc.a(printformat_.o)
 .ARM.attributes
                0x00000405       0x31 C:/Freescale/CW MCU v11.1/MCU/ARM_GCC_Support/ewl/lib/armv6-m\libc.a(scanformat_.o)
 .ARM.attributes
                0x00000436       0x31 C:/Freescale/CW MCU v11.1/MCU/ARM_GCC_Support/ewl/lib/armv6-m\libc.a(ctype_aeabi.o)
 .ARM.attributes
                0x00000467       0x31 C:/Freescale/CW MCU v11.1/MCU/ARM_GCC_Support/ewl/lib/armv6-m\libc.a(vsnprintf.o)
 .ARM.attributes
                0x00000498       0x31 C:/Freescale/CW MCU v11.1/MCU/ARM_GCC_Support/ewl/lib/armv6-m\libc.a(__strtoul.o)
 .ARM.attributes
                0x000004c9       0x31 C:/Freescale/CW MCU v11.1/MCU/ARM_GCC_Support/ewl/lib/armv6-m\libc.a(strchr.o)
 .ARM.attributes
                0x000004fa       0x31 C:/Freescale/CW MCU v11.1/MCU/ARM_GCC_Support/ewl/lib/armv6-m\libc.a(memcpy.o)
 .ARM.attributes
                0x0000052b       0x31 C:/Freescale/CW MCU v11.1/MCU/ARM_GCC_Support/ewl/lib/armv6-m\libc.a(memchr.o)
 .ARM.attributes
                0x0000055c       0x1e c:/freescale/cw mcu v11.1/cross_tools/arm-none-eabi-gcc-4_7_3/bin/../lib/gcc/arm-none-eabi/4.7.3/armv6-m\libgcc.a(_thumb1_case_sqi.o)
 .ARM.attributes
                0x0000057a       0x1e c:/freescale/cw mcu v11.1/cross_tools/arm-none-eabi-gcc-4_7_3/bin/../lib/gcc/arm-none-eabi/4.7.3/armv6-m\libgcc.a(_thumb1_case_uqi.o)
 .ARM.attributes
                0x00000598       0x1e c:/freescale/cw mcu v11.1/cross_tools/arm-none-eabi-gcc-4_7_3/bin/../lib/gcc/arm-none-eabi/4.7.3/armv6-m\libgcc.a(_udivsi3.o)
 .ARM.attributes
                0x000005b6       0x1e c:/freescale/cw mcu v11.1/cross_tools/arm-none-eabi-gcc-4_7_3/bin/../lib/gcc/arm-none-eabi/4.7.3/armv6-m\libgcc.a(_divsi3.o)
 .ARM.attributes
                0x000005d4       0x1e c:/freescale/cw mcu v11.1/cross_tools/arm-none-eabi-gcc-4_7_3/bin/../lib/gcc/arm-none-eabi/4.7.3/armv6-m\libgcc.a(_dvmd_tls.o)
 .ARM.attributes
                0x000005f2       0x31 C:/Freescale/CW MCU v11.1/MCU/ARM_GCC_Support/ewl/lib/armv6-m\librt.a(gcc_ctor_dtor.o)
 .ARM.attributes
                0x00000623       0x31 C:/Freescale/CW MCU v11.1/MCU/ARM_GCC_Support/ewl/lib/armv6-m\librt.a(__arm_eabi_init.o)
 .ARM.attributes
                0x00000654       0x31 C:/Freescale/CW MCU v11.1/MCU/ARM_GCC_Support/ewl/lib/armv6-m\librt.a(ROMCopy.o)
OUTPUT(SumoBOT.elf elf32-littlearm)

.debug_info     0x00000000     0x550e
 .debug_info    0x00000000      0x447 ./Project_Settings/Startup_Code/kinetis_sysinit.o
 .debug_info    0x00000447      0x12a ./Project_Settings/Startup_Code/__arm_start.o
 .debug_info    0x00000571       0x54 ./Project_Settings/Startup_Code/__arm_end.o
 .debug_info    0x000005c5      0x50d ./Sources/Drivers/ADC/ADC_P.o
 .debug_info    0x00000ad2      0x82a ./Sources/Drivers/ADC/ADC_I.o
 .debug_info    0x000012fc      0x5e1 ./Sources/Drivers/HC/HC.o
 .debug_info    0x000018dd      0x472 ./Sources/Drivers/LED/LED_25.o
 .debug_info    0x00001d4f      0x58a ./Sources/Drivers/PWM/PWM.o
 .debug_info    0x000022d9      0x4e8 ./Sources/Drivers/TPM0/TPM0.o
 .debug_info    0x000027c1      0x564 ./Sources/Drivers/UART/UART.o
 .debug_info    0x00002d25      0x17b ./Sources/UT/PWM_Test.o
 .debug_info    0x00002ea0      0x187 ./Sources/UT/IR_Test.o
 .debug_info    0x00003027      0x1e3 ./Sources/UT/HC_Test.o
 .debug_info    0x0000320a      0x362 ./Sources/main.o
 .debug_info    0x0000356c       0x67 ./Sources/common.o
 .debug_info    0x000035d3      0x11e C:/Freescale/CW MCU v11.1/MCU/ARM_GCC_Support/ewl/lib/armv6-m\libc.a(sprintf.o)
 .debug_info    0x000036f1       0xe8 C:/Freescale/CW MCU v11.1/MCU/ARM_GCC_Support/ewl/lib/armv6-m\libc.a(exit.o)
 .debug_info    0x000037d9       0xec C:/Freescale/CW MCU v11.1/MCU/ARM_GCC_Support/ewl/lib/armv6-m\libc.a(memset.o)
 .debug_info    0x000038c5      0x137 C:/Freescale/CW MCU v11.1/MCU/ARM_GCC_Support/ewl/lib/armv6-m\libc.a(__filll_mem.o)
 .debug_info    0x000039fc       0xea C:/Freescale/CW MCU v11.1/MCU/ARM_GCC_Support/ewl/lib/armv6-m\libc.a(strlen.o)
 .debug_info    0x00003ae6      0x50d C:/Freescale/CW MCU v11.1/MCU/ARM_GCC_Support/ewl/lib/armv6-m\libc.a(printformat_.o)
 .debug_info    0x00003ff3      0x568 C:/Freescale/CW MCU v11.1/MCU/ARM_GCC_Support/ewl/lib/armv6-m\libc.a(scanformat_.o)
 .debug_info    0x0000455b      0x313 C:/Freescale/CW MCU v11.1/MCU/ARM_GCC_Support/ewl/lib/armv6-m\libc.a(ctype_aeabi.o)
 .debug_info    0x0000486e      0x205 C:/Freescale/CW MCU v11.1/MCU/ARM_GCC_Support/ewl/lib/armv6-m\libc.a(vsnprintf.o)
 .debug_info    0x00004a73      0x1d6 C:/Freescale/CW MCU v11.1/MCU/ARM_GCC_Support/ewl/lib/armv6-m\libc.a(__strtoul.o)
 .debug_info    0x00004c49      0x10b C:/Freescale/CW MCU v11.1/MCU/ARM_GCC_Support/ewl/lib/armv6-m\libc.a(strchr.o)
 .debug_info    0x00004d54      0x10f C:/Freescale/CW MCU v11.1/MCU/ARM_GCC_Support/ewl/lib/armv6-m\libc.a(memcpy.o)
 .debug_info    0x00004e63      0x121 C:/Freescale/CW MCU v11.1/MCU/ARM_GCC_Support/ewl/lib/armv6-m\libc.a(memchr.o)
 .debug_info    0x00004f84      0x136 C:/Freescale/CW MCU v11.1/MCU/ARM_GCC_Support/ewl/lib/armv6-m\librt.a(gcc_ctor_dtor.o)
 .debug_info    0x000050ba      0x2b9 C:/Freescale/CW MCU v11.1/MCU/ARM_GCC_Support/ewl/lib/armv6-m\librt.a(__arm_eabi_init.o)
 .debug_info    0x00005373      0x19b C:/Freescale/CW MCU v11.1/MCU/ARM_GCC_Support/ewl/lib/armv6-m\librt.a(ROMCopy.o)

.debug_abbrev   0x00000000     0x1ac2
 .debug_abbrev  0x00000000       0xe7 ./Project_Settings/Startup_Code/kinetis_sysinit.o
 .debug_abbrev  0x000000e7       0x92 ./Project_Settings/Startup_Code/__arm_start.o
 .debug_abbrev  0x00000179       0x4c ./Project_Settings/Startup_Code/__arm_end.o
 .debug_abbrev  0x000001c5      0x111 ./Sources/Drivers/ADC/ADC_P.o
 .debug_abbrev  0x000002d6      0x18d ./Sources/Drivers/ADC/ADC_I.o
 .debug_abbrev  0x00000463      0x129 ./Sources/Drivers/HC/HC.o
 .debug_abbrev  0x0000058c       0xbe ./Sources/Drivers/LED/LED_25.o
 .debug_abbrev  0x0000064a       0xed ./Sources/Drivers/PWM/PWM.o
 .debug_abbrev  0x00000737       0xef ./Sources/Drivers/TPM0/TPM0.o
 .debug_abbrev  0x00000826      0x126 ./Sources/Drivers/UART/UART.o
 .debug_abbrev  0x0000094c       0x98 ./Sources/UT/PWM_Test.o
 .debug_abbrev  0x000009e4       0xb6 ./Sources/UT/IR_Test.o
 .debug_abbrev  0x00000a9a       0xd0 ./Sources/UT/HC_Test.o
 .debug_abbrev  0x00000b6a      0x137 ./Sources/main.o
 .debug_abbrev  0x00000ca1       0x52 ./Sources/common.o
 .debug_abbrev  0x00000cf3       0xb1 C:/Freescale/CW MCU v11.1/MCU/ARM_GCC_Support/ewl/lib/armv6-m\libc.a(sprintf.o)
 .debug_abbrev  0x00000da4       0x7a C:/Freescale/CW MCU v11.1/MCU/ARM_GCC_Support/ewl/lib/armv6-m\libc.a(exit.o)
 .debug_abbrev  0x00000e1e       0x62 C:/Freescale/CW MCU v11.1/MCU/ARM_GCC_Support/ewl/lib/armv6-m\libc.a(memset.o)
 .debug_abbrev  0x00000e80       0x78 C:/Freescale/CW MCU v11.1/MCU/ARM_GCC_Support/ewl/lib/armv6-m\libc.a(__filll_mem.o)
 .debug_abbrev  0x00000ef8       0x7a C:/Freescale/CW MCU v11.1/MCU/ARM_GCC_Support/ewl/lib/armv6-m\libc.a(strlen.o)
 .debug_abbrev  0x00000f72      0x200 C:/Freescale/CW MCU v11.1/MCU/ARM_GCC_Support/ewl/lib/armv6-m\libc.a(printformat_.o)
 .debug_abbrev  0x00001172      0x1f0 C:/Freescale/CW MCU v11.1/MCU/ARM_GCC_Support/ewl/lib/armv6-m\libc.a(scanformat_.o)
 .debug_abbrev  0x00001362       0x9e C:/Freescale/CW MCU v11.1/MCU/ARM_GCC_Support/ewl/lib/armv6-m\libc.a(ctype_aeabi.o)
 .debug_abbrev  0x00001400       0xf0 C:/Freescale/CW MCU v11.1/MCU/ARM_GCC_Support/ewl/lib/armv6-m\libc.a(vsnprintf.o)
 .debug_abbrev  0x000014f0       0xc2 C:/Freescale/CW MCU v11.1/MCU/ARM_GCC_Support/ewl/lib/armv6-m\libc.a(__strtoul.o)
 .debug_abbrev  0x000015b2       0x7a C:/Freescale/CW MCU v11.1/MCU/ARM_GCC_Support/ewl/lib/armv6-m\libc.a(strchr.o)
 .debug_abbrev  0x0000162c       0x95 C:/Freescale/CW MCU v11.1/MCU/ARM_GCC_Support/ewl/lib/armv6-m\libc.a(memcpy.o)
 .debug_abbrev  0x000016c1       0x95 C:/Freescale/CW MCU v11.1/MCU/ARM_GCC_Support/ewl/lib/armv6-m\libc.a(memchr.o)
 .debug_abbrev  0x00001756       0x99 C:/Freescale/CW MCU v11.1/MCU/ARM_GCC_Support/ewl/lib/armv6-m\librt.a(gcc_ctor_dtor.o)
 .debug_abbrev  0x000017ef      0x1b3 C:/Freescale/CW MCU v11.1/MCU/ARM_GCC_Support/ewl/lib/armv6-m\librt.a(__arm_eabi_init.o)
 .debug_abbrev  0x000019a2      0x120 C:/Freescale/CW MCU v11.1/MCU/ARM_GCC_Support/ewl/lib/armv6-m\librt.a(ROMCopy.o)

.debug_loc      0x00000000     0x3093
 .debug_loc     0x00000000       0x58 ./Project_Settings/Startup_Code/kinetis_sysinit.o
 .debug_loc     0x00000058       0x2c ./Project_Settings/Startup_Code/__arm_start.o
 .debug_loc     0x00000084       0x38 ./Project_Settings/Startup_Code/__arm_end.o
 .debug_loc     0x000000bc       0x64 ./Sources/Drivers/ADC/ADC_P.o
 .debug_loc     0x00000120       0xc8 ./Sources/Drivers/ADC/ADC_I.o
 .debug_loc     0x000001e8      0x100 ./Sources/Drivers/HC/HC.o
 .debug_loc     0x000002e8      0x18c ./Sources/Drivers/LED/LED_25.o
 .debug_loc     0x00000474       0x64 ./Sources/Drivers/PWM/PWM.o
 .debug_loc     0x000004d8       0x64 ./Sources/Drivers/TPM0/TPM0.o
 .debug_loc     0x0000053c      0x170 ./Sources/Drivers/UART/UART.o
 .debug_loc     0x000006ac       0x38 ./Sources/UT/PWM_Test.o
 .debug_loc     0x000006e4       0x38 ./Sources/UT/IR_Test.o
 .debug_loc     0x0000071c       0x38 ./Sources/UT/HC_Test.o
 .debug_loc     0x00000754       0xd8 ./Sources/main.o
 .debug_loc     0x0000082c       0x38 ./Sources/common.o
 .debug_loc     0x00000864       0x3f C:/Freescale/CW MCU v11.1/MCU/ARM_GCC_Support/ewl/lib/armv6-m\libc.a(sprintf.o)
 .debug_loc     0x000008a3       0x3e C:/Freescale/CW MCU v11.1/MCU/ARM_GCC_Support/ewl/lib/armv6-m\libc.a(exit.o)
 .debug_loc     0x000008e1       0x6f C:/Freescale/CW MCU v11.1/MCU/ARM_GCC_Support/ewl/lib/armv6-m\libc.a(memset.o)
 .debug_loc     0x00000950      0x14a C:/Freescale/CW MCU v11.1/MCU/ARM_GCC_Support/ewl/lib/armv6-m\libc.a(__filll_mem.o)
 .debug_loc     0x00000a9a       0x33 C:/Freescale/CW MCU v11.1/MCU/ARM_GCC_Support/ewl/lib/armv6-m\libc.a(strlen.o)
 .debug_loc     0x00000acd     0x104b C:/Freescale/CW MCU v11.1/MCU/ARM_GCC_Support/ewl/lib/armv6-m\libc.a(printformat_.o)
 .debug_loc     0x00001b18      0x9d8 C:/Freescale/CW MCU v11.1/MCU/ARM_GCC_Support/ewl/lib/armv6-m\libc.a(scanformat_.o)
 .debug_loc     0x000024f0      0x30d C:/Freescale/CW MCU v11.1/MCU/ARM_GCC_Support/ewl/lib/armv6-m\libc.a(ctype_aeabi.o)
 .debug_loc     0x000027fd      0x105 C:/Freescale/CW MCU v11.1/MCU/ARM_GCC_Support/ewl/lib/armv6-m\libc.a(vsnprintf.o)
 .debug_loc     0x00002902      0x305 C:/Freescale/CW MCU v11.1/MCU/ARM_GCC_Support/ewl/lib/armv6-m\libc.a(__strtoul.o)
 .debug_loc     0x00002c07       0xaf C:/Freescale/CW MCU v11.1/MCU/ARM_GCC_Support/ewl/lib/armv6-m\libc.a(strchr.o)
 .debug_loc     0x00002cb6       0x59 C:/Freescale/CW MCU v11.1/MCU/ARM_GCC_Support/ewl/lib/armv6-m\libc.a(memcpy.o)
 .debug_loc     0x00002d0f       0x77 C:/Freescale/CW MCU v11.1/MCU/ARM_GCC_Support/ewl/lib/armv6-m\libc.a(memchr.o)
 .debug_loc     0x00002d86       0x9d C:/Freescale/CW MCU v11.1/MCU/ARM_GCC_Support/ewl/lib/armv6-m\librt.a(gcc_ctor_dtor.o)
 .debug_loc     0x00002e23      0x197 C:/Freescale/CW MCU v11.1/MCU/ARM_GCC_Support/ewl/lib/armv6-m\librt.a(__arm_eabi_init.o)
 .debug_loc     0x00002fba       0xd9 C:/Freescale/CW MCU v11.1/MCU/ARM_GCC_Support/ewl/lib/armv6-m\librt.a(ROMCopy.o)

.debug_aranges  0x00000000      0x598
 .debug_aranges
                0x00000000       0x28 ./Project_Settings/Startup_Code/kinetis_sysinit.o
 .debug_aranges
                0x00000028       0x30 ./Project_Settings/Startup_Code/__arm_start.o
 .debug_aranges
                0x00000058       0x20 ./Project_Settings/Startup_Code/__arm_end.o
 .debug_aranges
                0x00000078       0x28 ./Sources/Drivers/ADC/ADC_P.o
 .debug_aranges
                0x000000a0       0x38 ./Sources/Drivers/ADC/ADC_I.o
 .debug_aranges
                0x000000d8       0x40 ./Sources/Drivers/HC/HC.o
 .debug_aranges
                0x00000118       0x60 ./Sources/Drivers/LED/LED_25.o
 .debug_aranges
                0x00000178       0x28 ./Sources/Drivers/PWM/PWM.o
 .debug_aranges
                0x000001a0       0x28 ./Sources/Drivers/TPM0/TPM0.o
 .debug_aranges
                0x000001c8       0x50 ./Sources/Drivers/UART/UART.o
 .debug_aranges
                0x00000218       0x20 ./Sources/UT/PWM_Test.o
 .debug_aranges
                0x00000238       0x20 ./Sources/UT/IR_Test.o
 .debug_aranges
                0x00000258       0x20 ./Sources/UT/HC_Test.o
 .debug_aranges
                0x00000278       0x38 ./Sources/main.o
 .debug_aranges
                0x000002b0       0x20 ./Sources/common.o
 .debug_aranges
                0x000002d0       0x20 C:/Freescale/CW MCU v11.1/MCU/ARM_GCC_Support/ewl/lib/armv6-m\libc.a(sprintf.o)
 .debug_aranges
                0x000002f0       0x20 C:/Freescale/CW MCU v11.1/MCU/ARM_GCC_Support/ewl/lib/armv6-m\libc.a(exit.o)
 .debug_aranges
                0x00000310       0x20 C:/Freescale/CW MCU v11.1/MCU/ARM_GCC_Support/ewl/lib/armv6-m\libc.a(memset.o)
 .debug_aranges
                0x00000330       0x20 C:/Freescale/CW MCU v11.1/MCU/ARM_GCC_Support/ewl/lib/armv6-m\libc.a(__filll_mem.o)
 .debug_aranges
                0x00000350       0x20 C:/Freescale/CW MCU v11.1/MCU/ARM_GCC_Support/ewl/lib/armv6-m\libc.a(strlen.o)
 .debug_aranges
                0x00000370       0x28 C:/Freescale/CW MCU v11.1/MCU/ARM_GCC_Support/ewl/lib/armv6-m\libc.a(printformat_.o)
 .debug_aranges
                0x00000398       0x20 C:/Freescale/CW MCU v11.1/MCU/ARM_GCC_Support/ewl/lib/armv6-m\libc.a(scanformat_.o)
 .debug_aranges
                0x000003b8       0x88 C:/Freescale/CW MCU v11.1/MCU/ARM_GCC_Support/ewl/lib/armv6-m\libc.a(ctype_aeabi.o)
 .debug_aranges
                0x00000440       0x28 C:/Freescale/CW MCU v11.1/MCU/ARM_GCC_Support/ewl/lib/armv6-m\libc.a(vsnprintf.o)
 .debug_aranges
                0x00000468       0x20 C:/Freescale/CW MCU v11.1/MCU/ARM_GCC_Support/ewl/lib/armv6-m\libc.a(__strtoul.o)
 .debug_aranges
                0x00000488       0x20 C:/Freescale/CW MCU v11.1/MCU/ARM_GCC_Support/ewl/lib/armv6-m\libc.a(strchr.o)
 .debug_aranges
                0x000004a8       0x20 C:/Freescale/CW MCU v11.1/MCU/ARM_GCC_Support/ewl/lib/armv6-m\libc.a(memcpy.o)
 .debug_aranges
                0x000004c8       0x20 C:/Freescale/CW MCU v11.1/MCU/ARM_GCC_Support/ewl/lib/armv6-m\libc.a(memchr.o)
 .debug_aranges
                0x000004e8       0x28 C:/Freescale/CW MCU v11.1/MCU/ARM_GCC_Support/ewl/lib/armv6-m\librt.a(gcc_ctor_dtor.o)
 .debug_aranges
                0x00000510       0x58 C:/Freescale/CW MCU v11.1/MCU/ARM_GCC_Support/ewl/lib/armv6-m\librt.a(__arm_eabi_init.o)
 .debug_aranges
                0x00000568       0x30 C:/Freescale/CW MCU v11.1/MCU/ARM_GCC_Support/ewl/lib/armv6-m\librt.a(ROMCopy.o)

.debug_macinfo  0x00000000   0x1d753a
 .debug_macinfo
                0x00000000    0x264f0 ./Project_Settings/Startup_Code/kinetis_sysinit.o
 .debug_macinfo
                0x000264f0     0x3e6d ./Project_Settings/Startup_Code/__arm_start.o
 .debug_macinfo
                0x0002a35d     0x3456 ./Project_Settings/Startup_Code/__arm_end.o
 .debug_macinfo
                0x0002d7b3    0x264c6 ./Sources/Drivers/ADC/ADC_P.o
 .debug_macinfo
                0x00053c79    0x264ec ./Sources/Drivers/ADC/ADC_I.o
 .debug_macinfo
                0x0007a165    0x264c7 ./Sources/Drivers/HC/HC.o
 .debug_macinfo
                0x000a062c    0x264c7 ./Sources/Drivers/LED/LED_25.o
 .debug_macinfo
                0x000c6af3    0x264c4 ./Sources/Drivers/PWM/PWM.o
 .debug_macinfo
                0x000ecfb7    0x264c1 ./Sources/Drivers/TPM0/TPM0.o
 .debug_macinfo
                0x00113478    0x265c9 ./Sources/Drivers/UART/UART.o
 .debug_macinfo
                0x00139a41    0x26602 ./Sources/UT/PWM_Test.o
 .debug_macinfo
                0x00160043    0x26619 ./Sources/UT/IR_Test.o
 .debug_macinfo
                0x0018665c    0x265f0 ./Sources/UT/HC_Test.o
 .debug_macinfo
                0x001acc4c    0x28405 ./Sources/main.o
 .debug_macinfo
                0x001d5051     0x24e9 ./Sources/common.o

.debug_line     0x00000000     0x3544
 .debug_line    0x00000000      0x20c ./Project_Settings/Startup_Code/kinetis_sysinit.o
 .debug_line    0x0000020c      0x28f ./Project_Settings/Startup_Code/__arm_start.o
 .debug_line    0x0000049b      0x265 ./Project_Settings/Startup_Code/__arm_end.o
 .debug_line    0x00000700      0x1fe ./Sources/Drivers/ADC/ADC_P.o
 .debug_line    0x000008fe      0x23d ./Sources/Drivers/ADC/ADC_I.o
 .debug_line    0x00000b3b      0x283 ./Sources/Drivers/HC/HC.o
 .debug_line    0x00000dbe      0x264 ./Sources/Drivers/LED/LED_25.o
 .debug_line    0x00001022      0x20d ./Sources/Drivers/PWM/PWM.o
 .debug_line    0x0000122f      0x1e2 ./Sources/Drivers/TPM0/TPM0.o
 .debug_line    0x00001411      0x2c7 ./Sources/Drivers/UART/UART.o
 .debug_line    0x000016d8      0x2aa ./Sources/UT/PWM_Test.o
 .debug_line    0x00001982      0x2d6 ./Sources/UT/IR_Test.o
 .debug_line    0x00001c58      0x2af ./Sources/UT/HC_Test.o
 .debug_line    0x00001f07      0x52a ./Sources/main.o
 .debug_line    0x00002431       0xd0 ./Sources/common.o
 .debug_line    0x00002501       0x93 C:/Freescale/CW MCU v11.1/MCU/ARM_GCC_Support/ewl/lib/armv6-m\libc.a(sprintf.o)
 .debug_line    0x00002594       0x8d C:/Freescale/CW MCU v11.1/MCU/ARM_GCC_Support/ewl/lib/armv6-m\libc.a(exit.o)
 .debug_line    0x00002621       0x90 C:/Freescale/CW MCU v11.1/MCU/ARM_GCC_Support/ewl/lib/armv6-m\libc.a(memset.o)
 .debug_line    0x000026b1       0xf6 C:/Freescale/CW MCU v11.1/MCU/ARM_GCC_Support/ewl/lib/armv6-m\libc.a(__filll_mem.o)
 .debug_line    0x000027a7       0x85 C:/Freescale/CW MCU v11.1/MCU/ARM_GCC_Support/ewl/lib/armv6-m\libc.a(strlen.o)
 .debug_line    0x0000282c      0x2c3 C:/Freescale/CW MCU v11.1/MCU/ARM_GCC_Support/ewl/lib/armv6-m\libc.a(printformat_.o)
 .debug_line    0x00002aef      0x2be C:/Freescale/CW MCU v11.1/MCU/ARM_GCC_Support/ewl/lib/armv6-m\libc.a(scanformat_.o)
 .debug_line    0x00002dad      0x1be C:/Freescale/CW MCU v11.1/MCU/ARM_GCC_Support/ewl/lib/armv6-m\libc.a(ctype_aeabi.o)
 .debug_line    0x00002f6b       0xd4 C:/Freescale/CW MCU v11.1/MCU/ARM_GCC_Support/ewl/lib/armv6-m\libc.a(vsnprintf.o)
 .debug_line    0x0000303f      0x11e C:/Freescale/CW MCU v11.1/MCU/ARM_GCC_Support/ewl/lib/armv6-m\libc.a(__strtoul.o)
 .debug_line    0x0000315d       0x7d C:/Freescale/CW MCU v11.1/MCU/ARM_GCC_Support/ewl/lib/armv6-m\libc.a(strchr.o)
 .debug_line    0x000031da       0x8b C:/Freescale/CW MCU v11.1/MCU/ARM_GCC_Support/ewl/lib/armv6-m\libc.a(memcpy.o)
 .debug_line    0x00003265       0x9f C:/Freescale/CW MCU v11.1/MCU/ARM_GCC_Support/ewl/lib/armv6-m\libc.a(memchr.o)
 .debug_line    0x00003304       0x6c C:/Freescale/CW MCU v11.1/MCU/ARM_GCC_Support/ewl/lib/armv6-m\librt.a(gcc_ctor_dtor.o)
 .debug_line    0x00003370      0x117 C:/Freescale/CW MCU v11.1/MCU/ARM_GCC_Support/ewl/lib/armv6-m\librt.a(__arm_eabi_init.o)
 .debug_line    0x00003487       0xbd C:/Freescale/CW MCU v11.1/MCU/ARM_GCC_Support/ewl/lib/armv6-m\librt.a(ROMCopy.o)

.debug_str      0x00000000     0x1428
 .debug_str     0x00000000      0x28d ./Project_Settings/Startup_Code/kinetis_sysinit.o
                                0x2b4 (size before relaxing)
 .debug_str     0x0000028d       0x85 ./Project_Settings/Startup_Code/__arm_start.o
                                0x18e (size before relaxing)
 .debug_str     0x00000312       0x41 ./Project_Settings/Startup_Code/__arm_end.o
                                 0xc5 (size before relaxing)
 .debug_str     0x00000353       0xc2 ./Sources/Drivers/ADC/ADC_P.o
                                0x2ba (size before relaxing)
 .debug_str     0x00000415      0x30e ./Sources/Drivers/ADC/ADC_I.o
                                0x596 (size before relaxing)
 .debug_str     0x00000723       0xdf ./Sources/Drivers/HC/HC.o
                                0x4a6 (size before relaxing)
 .debug_str     0x00000802       0xb5 ./Sources/Drivers/LED/LED_25.o
                                0x2cf (size before relaxing)
 .debug_str     0x000008b7       0x62 ./Sources/Drivers/PWM/PWM.o
                                0x2af (size before relaxing)
 .debug_str     0x00000919       0x32 ./Sources/Drivers/TPM0/TPM0.o
                                0x278 (size before relaxing)
 .debug_str     0x0000094b       0x9e ./Sources/Drivers/UART/UART.o
                                0x2cf (size before relaxing)
 .debug_str     0x000009e9       0x22 ./Sources/UT/PWM_Test.o
                                0x150 (size before relaxing)
 .debug_str     0x00000a0b       0x3b ./Sources/UT/IR_Test.o
                                0x18c (size before relaxing)
 .debug_str     0x00000a46       0x4e ./Sources/UT/HC_Test.o
                                0x187 (size before relaxing)
 .debug_str     0x00000a94       0x6d ./Sources/main.o
                                0x20d (size before relaxing)
 .debug_str     0x00000b01       0x14 ./Sources/common.o
                                 0x93 (size before relaxing)
 .debug_str     0x00000b15       0x42 C:/Freescale/CW MCU v11.1/MCU/ARM_GCC_Support/ewl/lib/armv6-m\libc.a(sprintf.o)
                                0x163 (size before relaxing)
 .debug_str     0x00000b57       0x2e C:/Freescale/CW MCU v11.1/MCU/ARM_GCC_Support/ewl/lib/armv6-m\libc.a(exit.o)
                                0x157 (size before relaxing)
 .debug_str     0x00000b85       0x23 C:/Freescale/CW MCU v11.1/MCU/ARM_GCC_Support/ewl/lib/armv6-m\libc.a(memset.o)
                                0x140 (size before relaxing)
 .debug_str     0x00000ba8       0x2d C:/Freescale/CW MCU v11.1/MCU/ARM_GCC_Support/ewl/lib/armv6-m\libc.a(__filll_mem.o)
                                0x152 (size before relaxing)
 .debug_str     0x00000bd5       0x1c C:/Freescale/CW MCU v11.1/MCU/ARM_GCC_Support/ewl/lib/armv6-m\libc.a(strlen.o)
                                0x140 (size before relaxing)
 .debug_str     0x00000bf1      0x21f C:/Freescale/CW MCU v11.1/MCU/ARM_GCC_Support/ewl/lib/armv6-m\libc.a(printformat_.o)
                                0x3b3 (size before relaxing)
 .debug_str     0x00000e10      0x184 C:/Freescale/CW MCU v11.1/MCU/ARM_GCC_Support/ewl/lib/armv6-m\libc.a(scanformat_.o)
                                0x3f9 (size before relaxing)
 .debug_str     0x00000f94       0x9d C:/Freescale/CW MCU v11.1/MCU/ARM_GCC_Support/ewl/lib/armv6-m\libc.a(ctype_aeabi.o)
                                0x1bc (size before relaxing)
 .debug_str     0x00001031       0x83 C:/Freescale/CW MCU v11.1/MCU/ARM_GCC_Support/ewl/lib/armv6-m\libc.a(vsnprintf.o)
                                0x1cc (size before relaxing)
 .debug_str     0x000010b4       0x61 C:/Freescale/CW MCU v11.1/MCU/ARM_GCC_Support/ewl/lib/armv6-m\libc.a(__strtoul.o)
                                0x1fb (size before relaxing)
 .debug_str     0x00001115       0x1c C:/Freescale/CW MCU v11.1/MCU/ARM_GCC_Support/ewl/lib/armv6-m\libc.a(strchr.o)
                                0x137 (size before relaxing)
 .debug_str     0x00001131       0x1c C:/Freescale/CW MCU v11.1/MCU/ARM_GCC_Support/ewl/lib/armv6-m\libc.a(memcpy.o)
                                0x138 (size before relaxing)
 .debug_str     0x0000114d       0x1c C:/Freescale/CW MCU v11.1/MCU/ARM_GCC_Support/ewl/lib/armv6-m\libc.a(memchr.o)
                                0x148 (size before relaxing)
 .debug_str     0x00001169      0x126 C:/Freescale/CW MCU v11.1/MCU/ARM_GCC_Support/ewl/lib/armv6-m\librt.a(gcc_ctor_dtor.o)
                                0x181 (size before relaxing)
 .debug_str     0x0000128f       0xf8 C:/Freescale/CW MCU v11.1/MCU/ARM_GCC_Support/ewl/lib/armv6-m\librt.a(__arm_eabi_init.o)
                                0x1b5 (size before relaxing)
 .debug_str     0x00001387       0xa1 C:/Freescale/CW MCU v11.1/MCU/ARM_GCC_Support/ewl/lib/armv6-m\librt.a(ROMCopy.o)
                                0x13c (size before relaxing)

.comment        0x00000000       0x79
 .comment       0x00000000       0x79 ./Project_Settings/Startup_Code/kinetis_sysinit.o
                                 0x7a (size before relaxing)
 .comment       0x00000000       0x7a ./Project_Settings/Startup_Code/__arm_start.o
 .comment       0x00000000       0x7a ./Project_Settings/Startup_Code/__arm_end.o
 .comment       0x00000000       0x7a ./Sources/Drivers/ADC/ADC_P.o
 .comment       0x00000000       0x7a ./Sources/Drivers/ADC/ADC_I.o
 .comment       0x00000000       0x7a ./Sources/Drivers/HC/HC.o
 .comment       0x00000000       0x7a ./Sources/Drivers/LED/LED_25.o
 .comment       0x00000000       0x7a ./Sources/Drivers/PWM/PWM.o
 .comment       0x00000000       0x7a ./Sources/Drivers/TPM0/TPM0.o
 .comment       0x00000000       0x7a ./Sources/Drivers/UART/UART.o
 .comment       0x00000000       0x7a ./Sources/UT/PWM_Test.o
 .comment       0x00000000       0x7a ./Sources/UT/IR_Test.o
 .comment       0x00000000       0x7a ./Sources/UT/HC_Test.o
 .comment       0x00000000       0x7a ./Sources/main.o
 .comment       0x00000000       0x7a ./Sources/common.o
 .comment       0x00000000       0x7a C:/Freescale/CW MCU v11.1/MCU/ARM_GCC_Support/ewl/lib/armv6-m\libc.a(sprintf.o)
 .comment       0x00000000       0x7a C:/Freescale/CW MCU v11.1/MCU/ARM_GCC_Support/ewl/lib/armv6-m\libc.a(exit.o)
 .comment       0x00000000       0x7a C:/Freescale/CW MCU v11.1/MCU/ARM_GCC_Support/ewl/lib/armv6-m\libc.a(memset.o)
 .comment       0x00000000       0x7a C:/Freescale/CW MCU v11.1/MCU/ARM_GCC_Support/ewl/lib/armv6-m\libc.a(__filll_mem.o)
 .comment       0x00000000       0x7a C:/Freescale/CW MCU v11.1/MCU/ARM_GCC_Support/ewl/lib/armv6-m\libc.a(strlen.o)
 .comment       0x00000000       0x7a C:/Freescale/CW MCU v11.1/MCU/ARM_GCC_Support/ewl/lib/armv6-m\libc.a(printformat_.o)
 .comment       0x00000000       0x7a C:/Freescale/CW MCU v11.1/MCU/ARM_GCC_Support/ewl/lib/armv6-m\libc.a(scanformat_.o)
 .comment       0x00000000       0x7a C:/Freescale/CW MCU v11.1/MCU/ARM_GCC_Support/ewl/lib/armv6-m\libc.a(ctype_aeabi.o)
 .comment       0x00000000       0x7a C:/Freescale/CW MCU v11.1/MCU/ARM_GCC_Support/ewl/lib/armv6-m\libc.a(vsnprintf.o)
 .comment       0x00000000       0x7a C:/Freescale/CW MCU v11.1/MCU/ARM_GCC_Support/ewl/lib/armv6-m\libc.a(__strtoul.o)
 .comment       0x00000000       0x7a C:/Freescale/CW MCU v11.1/MCU/ARM_GCC_Support/ewl/lib/armv6-m\libc.a(strchr.o)
 .comment       0x00000000       0x7a C:/Freescale/CW MCU v11.1/MCU/ARM_GCC_Support/ewl/lib/armv6-m\libc.a(memcpy.o)
 .comment       0x00000000       0x7a C:/Freescale/CW MCU v11.1/MCU/ARM_GCC_Support/ewl/lib/armv6-m\libc.a(memchr.o)
 .comment       0x00000000       0x7a C:/Freescale/CW MCU v11.1/MCU/ARM_GCC_Support/ewl/lib/armv6-m\librt.a(gcc_ctor_dtor.o)
 .comment       0x00000000       0x7a C:/Freescale/CW MCU v11.1/MCU/ARM_GCC_Support/ewl/lib/armv6-m\librt.a(__arm_eabi_init.o)
 .comment       0x00000000       0x7a C:/Freescale/CW MCU v11.1/MCU/ARM_GCC_Support/ewl/lib/armv6-m\librt.a(ROMCopy.o)

.debug_frame    0x00000000      0xb58
 .debug_frame   0x00000000       0x48 ./Project_Settings/Startup_Code/kinetis_sysinit.o
 .debug_frame   0x00000048       0x4c ./Project_Settings/Startup_Code/__arm_start.o
 .debug_frame   0x00000094       0x30 ./Project_Settings/Startup_Code/__arm_end.o
 .debug_frame   0x000000c4       0x4c ./Sources/Drivers/ADC/ADC_P.o
 .debug_frame   0x00000110       0x88 ./Sources/Drivers/ADC/ADC_I.o
 .debug_frame   0x00000198       0xa8 ./Sources/Drivers/HC/HC.o
 .debug_frame   0x00000240      0x10c ./Sources/Drivers/LED/LED_25.o
 .debug_frame   0x0000034c       0x4c ./Sources/Drivers/PWM/PWM.o
 .debug_frame   0x00000398       0x4c ./Sources/Drivers/TPM0/TPM0.o
 .debug_frame   0x000003e4       0xe8 ./Sources/Drivers/UART/UART.o
 .debug_frame   0x000004cc       0x30 ./Sources/UT/PWM_Test.o
 .debug_frame   0x000004fc       0x30 ./Sources/UT/IR_Test.o
 .debug_frame   0x0000052c       0x30 ./Sources/UT/HC_Test.o
 .debug_frame   0x0000055c       0x94 ./Sources/main.o
 .debug_frame   0x000005f0       0x30 ./Sources/common.o
 .debug_frame   0x00000620       0x2c C:/Freescale/CW MCU v11.1/MCU/ARM_GCC_Support/ewl/lib/armv6-m\libc.a(sprintf.o)
 .debug_frame   0x0000064c       0x2c C:/Freescale/CW MCU v11.1/MCU/ARM_GCC_Support/ewl/lib/armv6-m\libc.a(exit.o)
 .debug_frame   0x00000678       0x28 C:/Freescale/CW MCU v11.1/MCU/ARM_GCC_Support/ewl/lib/armv6-m\libc.a(memset.o)
 .debug_frame   0x000006a0       0x2c C:/Freescale/CW MCU v11.1/MCU/ARM_GCC_Support/ewl/lib/armv6-m\libc.a(__filll_mem.o)
 .debug_frame   0x000006cc       0x28 C:/Freescale/CW MCU v11.1/MCU/ARM_GCC_Support/ewl/lib/armv6-m\libc.a(strlen.o)
 .debug_frame   0x000006f4       0x54 C:/Freescale/CW MCU v11.1/MCU/ARM_GCC_Support/ewl/lib/armv6-m\libc.a(printformat_.o)
 .debug_frame   0x00000748       0x34 C:/Freescale/CW MCU v11.1/MCU/ARM_GCC_Support/ewl/lib/armv6-m\libc.a(scanformat_.o)
 .debug_frame   0x0000077c      0x158 C:/Freescale/CW MCU v11.1/MCU/ARM_GCC_Support/ewl/lib/armv6-m\libc.a(ctype_aeabi.o)
 .debug_frame   0x000008d4       0x4c C:/Freescale/CW MCU v11.1/MCU/ARM_GCC_Support/ewl/lib/armv6-m\libc.a(vsnprintf.o)
 .debug_frame   0x00000920       0x30 C:/Freescale/CW MCU v11.1/MCU/ARM_GCC_Support/ewl/lib/armv6-m\libc.a(__strtoul.o)
 .debug_frame   0x00000950       0x28 C:/Freescale/CW MCU v11.1/MCU/ARM_GCC_Support/ewl/lib/armv6-m\libc.a(strchr.o)
 .debug_frame   0x00000978       0x28 C:/Freescale/CW MCU v11.1/MCU/ARM_GCC_Support/ewl/lib/armv6-m\libc.a(memcpy.o)
 .debug_frame   0x000009a0       0x28 C:/Freescale/CW MCU v11.1/MCU/ARM_GCC_Support/ewl/lib/armv6-m\libc.a(memchr.o)
 .debug_frame   0x000009c8       0x20 c:/freescale/cw mcu v11.1/cross_tools/arm-none-eabi-gcc-4_7_3/bin/../lib/gcc/arm-none-eabi/4.7.3/armv6-m\libgcc.a(_udivsi3.o)
 .debug_frame   0x000009e8       0x20 c:/freescale/cw mcu v11.1/cross_tools/arm-none-eabi-gcc-4_7_3/bin/../lib/gcc/arm-none-eabi/4.7.3/armv6-m\libgcc.a(_divsi3.o)
 .debug_frame   0x00000a08       0x40 C:/Freescale/CW MCU v11.1/MCU/ARM_GCC_Support/ewl/lib/armv6-m\librt.a(gcc_ctor_dtor.o)
 .debug_frame   0x00000a48       0xbc C:/Freescale/CW MCU v11.1/MCU/ARM_GCC_Support/ewl/lib/armv6-m\librt.a(__arm_eabi_init.o)
 .debug_frame   0x00000b04       0x54 C:/Freescale/CW MCU v11.1/MCU/ARM_GCC_Support/ewl/lib/armv6-m\librt.a(ROMCopy.o)
